>rnd-1_family-0#RC/Helitron
>rnd-1_family-10#RC/Helitron
>rnd-1_family-100#rRNA
>rnd-1_family-101#LTR/Pao
>rnd-1_family-102#LTR/Gypsy
>rnd-1_family-107#LTR/Pao
>rnd-1_family-108#LTR/Pao
>rnd-1_family-109#LINE/RTE-BovB
>rnd-1_family-11#RC/Helitron
>rnd-1_family-112#LTR/Pao
>rnd-1_family-117#Unknown
>rnd-1_family-118#LTR/Pao
>rnd-1_family-123#LTR/Pao
>rnd-1_family-13#RC/Helitron
>rnd-1_family-130#Unknown
>rnd-1_family-131#LTR/Gypsy
>rnd-1_family-132#LTR/Pao
>rnd-1_family-133#LTR/Gypsy
>rnd-1_family-134#Unknown
>rnd-1_family-136#LINE/CR1
>rnd-1_family-137#Unknown
>rnd-1_family-138#LTR/Pao
>rnd-1_family-139#LTR/Pao
>rnd-1_family-140#LTR/Pao
>rnd-1_family-143#rRNA
>rnd-1_family-144#LTR/Gypsy
>rnd-1_family-145#Unknown
>rnd-1_family-148#LTR/Gypsy
>rnd-1_family-149#LTR/Pao
>rnd-1_family-15#RC/Helitron
>rnd-1_family-153#LTR/Gypsy
>rnd-1_family-159#LTR/Gypsy
>rnd-1_family-160#LTR/Pao
>rnd-1_family-167#LTR/Pao
>rnd-1_family-168#LTR/Gypsy
>rnd-1_family-170#LTR/Pao
>rnd-1_family-171#LTR/Pao
>rnd-1_family-172#LINE/Jockey
>rnd-1_family-176#LTR/Gypsy
>rnd-1_family-177#LTR/Gypsy
>rnd-1_family-18#RC/Helitron
>rnd-1_family-180#DNA/Kolobok-Hydra
>rnd-1_family-182#LTR/Pao
>rnd-1_family-186#LTR/Pao
>rnd-1_family-187#LINE/CR1
>rnd-1_family-189#LTR/Gypsy
>rnd-1_family-192#LTR/Pao
>rnd-1_family-193#DNA/Kolobok-Hydra
>rnd-1_family-194#LTR/Pao
>rnd-1_family-196#LTR/Pao
>rnd-1_family-199#LTR/Pao
>rnd-1_family-2#RC/Helitron
>rnd-1_family-20#LTR/Pao
>rnd-1_family-201#DNA/hAT-Ac
>rnd-1_family-205#LINE/CR1
>rnd-1_family-209#LTR/Gypsy
>rnd-1_family-212#Unknown
>rnd-1_family-213#LTR/Pao
>rnd-1_family-214#LTR/Gypsy
>rnd-1_family-216#LINE/Jockey
>rnd-1_family-222#LTR/Gypsy
>rnd-1_family-223#LTR/Pao
>rnd-1_family-227#Unknown
>rnd-1_family-228#LTR/Gypsy
>rnd-1_family-229#Unknown
>rnd-1_family-23#RC/Helitron
>rnd-1_family-230#LINE/LOA
>rnd-1_family-231#LTR/Gypsy
>rnd-1_family-233#LTR/Gypsy
>rnd-1_family-235#LTR/Pao
>rnd-1_family-236#DNA/P
>rnd-1_family-237#LTR/Gypsy
>rnd-1_family-238#LTR/Gypsy
>rnd-1_family-24#LINE/I
>rnd-1_family-240#Unknown
>rnd-1_family-241#LTR/Gypsy
>rnd-1_family-242#LTR/Pao
>rnd-1_family-243#LTR/Pao
>rnd-1_family-244#LTR/Gypsy
>rnd-1_family-245#DNA/MULE-NOF
>rnd-1_family-248#Unknown
>rnd-1_family-249#LTR/Pao
>rnd-1_family-253#DNA/Kolobok-Hydra
>rnd-1_family-254#Unknown
>rnd-1_family-256#Unknown
>rnd-1_family-257#LTR/Pao
>rnd-1_family-258#LINE/Jockey
>rnd-1_family-26#RC/Helitron
>rnd-1_family-261#LTR/Gypsy
>rnd-1_family-262#LTR/Gypsy
>rnd-1_family-263#LINE/R1-LOA
>rnd-1_family-264#LTR/Pao
>rnd-1_family-265#Unknown
>rnd-1_family-266#Unknown
>rnd-1_family-267#LTR/Pao
>rnd-1_family-269#LTR/Pao
>rnd-1_family-27#Unknown
>rnd-1_family-271#LTR/Gypsy
>rnd-1_family-275#LTR/Gypsy
>rnd-1_family-276#LTR/Gypsy
>rnd-1_family-277#LTR/Gypsy
>rnd-1_family-278#RC/Helitron
>rnd-1_family-279#Unknown
>rnd-1_family-281#Unknown
>rnd-1_family-282#DNA/TcMar-Mariner
>rnd-1_family-283#LTR/Gypsy
>rnd-1_family-285#LTR/Gypsy
>rnd-1_family-287#LTR/Gypsy
>rnd-1_family-288#RC/Helitron
>rnd-1_family-289#Unknown
>rnd-1_family-29#LTR/Pao
>rnd-1_family-291#Unknown
>rnd-1_family-293#LTR/Gypsy
>rnd-1_family-294#LINE/R1-LOA
>rnd-1_family-297#Unknown
>rnd-1_family-299#LTR/Gypsy
>rnd-1_family-3#Simple_repeat
>rnd-1_family-30#LTR/Pao
>rnd-1_family-302#Unknown
>rnd-1_family-303#LTR/Gypsy
>rnd-1_family-304#LTR/Gypsy
>rnd-1_family-305#LTR/Gypsy
>rnd-1_family-306#LTR/Gypsy
>rnd-1_family-308#LTR/Pao
>rnd-1_family-309#LTR/Pao
>rnd-1_family-310#Unknown
>rnd-1_family-312#LTR/Gypsy
>rnd-1_family-314#Unknown
>rnd-1_family-318#LTR/Gypsy
>rnd-1_family-319#LTR/Pao
>rnd-1_family-320#LTR/Gypsy
>rnd-1_family-322#DNA/TcMar-Mariner
>rnd-1_family-323#Unknown
>rnd-1_family-326#LINE/I-Jockey
>rnd-1_family-329#LTR/Gypsy
>rnd-1_family-33#LINE/CR1
>rnd-1_family-330#DNA/CMC-Transib
>rnd-1_family-331#DNA/Kolobok-Hydra
>rnd-1_family-332#LTR/Pao
>rnd-1_family-333#LTR/Pao
>rnd-1_family-334#LTR/Gypsy
>rnd-1_family-337#LTR/Gypsy
>rnd-1_family-338#DNA
>rnd-1_family-339#RC/Helitron
>rnd-1_family-34#RC/Helitron
>rnd-1_family-340#LTR/Gypsy
>rnd-1_family-341#LTR/Gypsy
>rnd-1_family-343#RC/Helitron
>rnd-1_family-344#DNA
>rnd-1_family-346#LTR/Gypsy
>rnd-1_family-35#Satellite
>rnd-1_family-350#LTR/Pao
>rnd-1_family-351#LTR/Gypsy
>rnd-1_family-353#LTR/Gypsy
>rnd-1_family-357#LINE/LOA
>rnd-1_family-358#LTR/Gypsy
>rnd-1_family-359#RC/Helitron
>rnd-1_family-363#Unknown
>rnd-1_family-364#Unknown
>rnd-1_family-366#LTR/Gypsy
>rnd-1_family-367#LTR/Gypsy
>rnd-1_family-369#LTR/Gypsy
>rnd-1_family-370#Unknown
>rnd-1_family-371#LTR/Gypsy
>rnd-1_family-373#LINE/R1-LOA
>rnd-1_family-376#RC/Helitron
>rnd-1_family-377#Unknown
>rnd-1_family-378#DNA
>rnd-1_family-380#Unknown
>rnd-1_family-382#LTR/Gypsy
>rnd-1_family-383#Unknown
>rnd-1_family-384#LTR/Gypsy
>rnd-1_family-385#LTR/Gypsy
>rnd-1_family-386#LTR/Gypsy
>rnd-1_family-387#LTR/Gypsy
>rnd-1_family-388#LTR/Gypsy
>rnd-1_family-390#LINE/R1
>rnd-1_family-391#LTR/Gypsy
>rnd-1_family-392#LTR/Gypsy
>rnd-1_family-394#LTR/Gypsy
>rnd-1_family-399#LTR/Gypsy
>rnd-1_family-401#DNA/TcMar-Tc1
>rnd-1_family-402#LTR/Pao
>rnd-1_family-403#LTR/Gypsy
>rnd-1_family-405#Unknown
>rnd-1_family-408#LTR/Gypsy
>rnd-1_family-409#DNA/TcMar-Tc1
>rnd-1_family-413#LTR/Gypsy
>rnd-1_family-416#LTR/Gypsy
>rnd-1_family-417#LTR/Gypsy
>rnd-1_family-419#DNA/CMC-Transib
>rnd-1_family-42#RC/Helitron
>rnd-1_family-420#Unknown
>rnd-1_family-421#LTR/Gypsy
>rnd-1_family-426#LTR/Gypsy
>rnd-1_family-427#LTR/Gypsy
>rnd-1_family-428#LTR/Gypsy
>rnd-1_family-431#DNA/CMC-Chapaev-3
>rnd-1_family-432#LTR/Gypsy
>rnd-1_family-436#LTR/Gypsy
>rnd-1_family-437#Unknown
>rnd-1_family-438#LTR/Gypsy
>rnd-1_family-440#RC/Helitron
>rnd-1_family-443#Unknown
>rnd-1_family-444#Unknown
>rnd-1_family-446#DNA/TcMar-Tc4
>rnd-1_family-447#LTR/Pao
>rnd-1_family-448#LTR/Gypsy
>rnd-1_family-45#LTR/Pao
>rnd-1_family-453#LTR/Gypsy
>rnd-1_family-454#RC/Helitron
>rnd-1_family-455#LTR/Pao
>rnd-1_family-456#LTR/Gypsy
>rnd-1_family-457#LTR/Gypsy
>rnd-1_family-458#LINE/I
>rnd-1_family-462#LTR/Gypsy
>rnd-1_family-464#RC/Helitron
>rnd-1_family-466#Unknown
>rnd-1_family-467#LTR/Gypsy
>rnd-1_family-468#LTR/Gypsy
>rnd-1_family-469#LINE/RTE-BovB
>rnd-1_family-470#LTR/Pao
>rnd-1_family-471#LTR/Pao
>rnd-1_family-472#LTR/Gypsy
>rnd-1_family-473#DNA/CMC-Chapaev-3
>rnd-1_family-474#RC/Helitron
>rnd-1_family-475#DNA/TcMar-Mariner
>rnd-1_family-478#LTR/Gypsy
>rnd-1_family-479#LTR/Gypsy
>rnd-1_family-48#RC/Helitron
>rnd-1_family-480#Unknown
>rnd-1_family-481#LTR/Pao
>rnd-1_family-483#DNA/TcMar-Tc1
>rnd-1_family-486#LTR/Pao
>rnd-1_family-489#DNA/hAT-Ac
>rnd-1_family-49#LTR/Pao
>rnd-1_family-490#LTR/Gypsy
>rnd-1_family-491#LTR/Gypsy
>rnd-1_family-494#DNA/TcMar-Tc1
>rnd-1_family-5#DNA/TcMar-Tc1
>rnd-1_family-500#Unknown
>rnd-1_family-501#LTR/Pao
>rnd-1_family-504#DNA/Academ-1
>rnd-1_family-505#LTR/Gypsy
>rnd-1_family-506#LTR/Gypsy
>rnd-1_family-507#LTR/Gypsy
>rnd-1_family-508#Unknown
>rnd-1_family-51#Unknown
>rnd-1_family-510#DNA/TcMar-Mariner
>rnd-1_family-511#LTR/Gypsy
>rnd-1_family-512#LTR/Pao
>rnd-1_family-513#LINE/I
>rnd-1_family-514#LTR/Gypsy
>rnd-1_family-515#LTR/Gypsy
>rnd-1_family-518#LTR/Gypsy
>rnd-1_family-520#DNA/TcMar-Tc1
>rnd-1_family-521#LINE/I
>rnd-1_family-522#LTR/Gypsy
>rnd-1_family-523#LTR/Gypsy
>rnd-1_family-526#LTR/Gypsy
>rnd-1_family-528#LTR/Pao
>rnd-1_family-53#Unknown
>rnd-1_family-530#DNA/TcMar-Mariner
>rnd-1_family-531#LINE/Jockey
>rnd-1_family-533#LTR/Gypsy
>rnd-1_family-534#LTR/Gypsy
>rnd-1_family-536#LTR/Pao
>rnd-1_family-537#LTR/Pao
>rnd-1_family-538#DNA/CMC-Transib
>rnd-1_family-539#Unknown
>rnd-1_family-54#LTR/Pao
>rnd-1_family-540#Unknown
>rnd-1_family-541#DNA/MULE-NOF
>rnd-1_family-542#LTR/Gypsy
>rnd-1_family-543#LINE/R1-LOA
>rnd-1_family-545#LTR/Gypsy
>rnd-1_family-548#LTR/Gypsy
>rnd-1_family-55#LINE/CR1
>rnd-1_family-551#LTR/Gypsy
>rnd-1_family-552#LTR/Gypsy
>rnd-1_family-553#LINE/CR1
>rnd-1_family-554#LTR/Gypsy
>rnd-1_family-555#LINE/I
>rnd-1_family-558#LTR/Pao
>rnd-1_family-559#Unknown
>rnd-1_family-56#Satellite
>rnd-1_family-560#LTR/Pao
>rnd-1_family-561#LTR/Gypsy
>rnd-1_family-562#DNA/TcMar-Mariner
>rnd-1_family-563#DNA/TcMar-Mariner
>rnd-1_family-564#LTR/Gypsy
>rnd-1_family-567#rRNA
>rnd-1_family-568#LTR/Gypsy
>rnd-1_family-569#LTR/Pao
>rnd-1_family-570#RC/Helitron
>rnd-1_family-572#LTR/Pao
>rnd-1_family-573#Unknown
>rnd-1_family-575#LTR/Pao
>rnd-1_family-576#LTR/Gypsy
>rnd-1_family-578#LTR/Gypsy
>rnd-1_family-579#LTR/Pao
>rnd-1_family-580#LINE/I
>rnd-1_family-581#LINE/RTE-BovB
>rnd-1_family-582#LTR/Gypsy
>rnd-1_family-583#LTR/Gypsy
>rnd-1_family-584#LTR/Pao
>rnd-1_family-587#Unknown
>rnd-1_family-588#LTR/Gypsy
>rnd-1_family-589#LTR/Gypsy
>rnd-1_family-590#LTR/Gypsy
>rnd-1_family-591#LTR/Gypsy
>rnd-1_family-592#RC/Helitron
>rnd-1_family-593#LTR/Gypsy
>rnd-1_family-594#LTR/Pao
>rnd-1_family-596#LTR/Pao
>rnd-1_family-597#LTR/Gypsy
>rnd-1_family-598#LTR/Pao
>rnd-1_family-599#LTR/Copia
>rnd-1_family-6#LINE/Jockey
>rnd-1_family-60#RC/Helitron
>rnd-1_family-600#LTR/Pao
>rnd-1_family-602#LTR/Gypsy
>rnd-1_family-604#LTR/Gypsy
>rnd-1_family-605#LINE/R1-LOA
>rnd-1_family-607#RC/Helitron
>rnd-1_family-608#Unknown
>rnd-1_family-610#LTR/Gypsy
>rnd-1_family-612#DNA/TcMar-Tc1
>rnd-1_family-614#LTR/Gypsy
>rnd-1_family-616#DNA/Sola-2
>rnd-1_family-617#LINE/RTE-BovB
>rnd-1_family-618#LTR/Pao
>rnd-1_family-619#Unknown
>rnd-1_family-622#LTR/Gypsy
>rnd-1_family-623#Unknown
>rnd-1_family-625#DNA/TcMar-Mariner
>rnd-1_family-626#LTR/Copia
>rnd-1_family-627#RC/Helitron
>rnd-1_family-629#DNA
>rnd-1_family-630#LINE/RTE-BovB
>rnd-1_family-631#LTR/Gypsy
>rnd-1_family-632#LTR/Pao
>rnd-1_family-633#LINE/I-Jockey
>rnd-1_family-634#LTR/Gypsy
>rnd-1_family-635#LTR/Gypsy
>rnd-1_family-637#LINE/Jockey
>rnd-1_family-64#Unknown
>rnd-1_family-640#LTR/Pao
>rnd-1_family-641#Unknown
>rnd-1_family-642#Unknown
>rnd-1_family-644#LTR/Gypsy
>rnd-1_family-646#RC/Helitron
>rnd-1_family-647#LTR/Pao
>rnd-1_family-648#LTR/Gypsy
>rnd-1_family-649#Unknown
>rnd-1_family-65#Unknown
>rnd-1_family-650#LTR/Pao
>rnd-1_family-651#LTR/Gypsy
>rnd-1_family-652#LTR/Gypsy
>rnd-1_family-653#LTR/Gypsy
>rnd-1_family-654#LTR/Pao
>rnd-1_family-655#DNA/TcMar-Tc1
>rnd-1_family-656#LTR/Gypsy
>rnd-1_family-658#LTR/Gypsy
>rnd-1_family-660#LTR/Gypsy
>rnd-1_family-663#LINE/LOA
>rnd-1_family-667#DNA/PiggyBac
>rnd-1_family-668#LTR/Gypsy
>rnd-1_family-669#LTR/Gypsy
>rnd-1_family-67#DNA/hAT-hobo
>rnd-1_family-670#LTR/Pao
>rnd-1_family-671#LINE/RTE-BovB
>rnd-1_family-673#Unknown
>rnd-1_family-674#LTR/Pao
>rnd-1_family-675#RC/Helitron
>rnd-1_family-676#Unknown
>rnd-1_family-677#RC/Helitron
>rnd-1_family-678#LTR/Gypsy
>rnd-1_family-679#DNA/CMC-Transib
>rnd-1_family-681#LTR/Gypsy
>rnd-1_family-682#LTR/Gypsy
>rnd-1_family-683#DNA/CMC-Transib
>rnd-1_family-684#LTR/Gypsy
>rnd-1_family-685#LTR/Gypsy
>rnd-1_family-686#LTR/Gypsy
>rnd-1_family-687#LTR/Pao
>rnd-1_family-689#LTR/Pao
>rnd-1_family-690#LTR/Gypsy
>rnd-1_family-691#LTR/Pao
>rnd-1_family-692#LTR/Gypsy
>rnd-1_family-695#LTR/Gypsy
>rnd-1_family-697#LTR/Pao
>rnd-1_family-699#LTR/Pao
>rnd-1_family-7#RC/Helitron
>rnd-1_family-700#DNA/TcMar-Tc1
>rnd-1_family-701#Unknown
>rnd-1_family-702#LINE/I
>rnd-1_family-703#LTR/Gypsy
>rnd-1_family-704#Unknown
>rnd-1_family-705#LTR/Gypsy
>rnd-1_family-706#LTR/Pao
>rnd-1_family-708#LTR/Gypsy
>rnd-1_family-71#LTR/Gypsy
>rnd-1_family-710#LTR/Gypsy
>rnd-1_family-711#Unknown
>rnd-1_family-712#LTR/Gypsy
>rnd-1_family-713#LINE/R1
>rnd-1_family-714#LTR/Gypsy
>rnd-1_family-715#LTR/Copia
>rnd-1_family-716#LTR/Gypsy
>rnd-1_family-717#LTR/Gypsy
>rnd-1_family-718#LTR/Gypsy
>rnd-1_family-719#LTR/Gypsy
>rnd-1_family-72#RC/Helitron
>rnd-1_family-720#DNA/CMC-Transib
>rnd-1_family-721#Unknown
>rnd-1_family-722#LINE/I
>rnd-1_family-723#LTR/Gypsy
>rnd-1_family-724#LTR/Pao
>rnd-1_family-725#LTR/Copia
>rnd-1_family-726#Unknown
>rnd-1_family-727#RC/Helitron
>rnd-1_family-728#LTR/Pao
>rnd-1_family-729#LTR/Pao
>rnd-1_family-733#Unknown
>rnd-1_family-734#LTR/Pao
>rnd-1_family-735#LTR/Gypsy
>rnd-1_family-736#LINE/I
>rnd-1_family-737#DNA/CMC-Transib
>rnd-1_family-738#LINE/LOA
>rnd-1_family-739#LTR/Gypsy
>rnd-1_family-74#LINE/CR1
>rnd-1_family-740#Unknown
>rnd-1_family-741#LTR/Gypsy
>rnd-1_family-742#Unknown
>rnd-1_family-743#LTR/Gypsy
>rnd-1_family-744#LINE/R1-LOA
>rnd-1_family-745#LTR/Gypsy
>rnd-1_family-746#LTR/Pao
>rnd-1_family-747#LTR/Gypsy
>rnd-1_family-748#LTR/Gypsy
>rnd-1_family-749#LTR/Gypsy
>rnd-1_family-75#LINE/Jockey
>rnd-1_family-750#LTR/Gypsy
>rnd-1_family-751#LINE/CR1
>rnd-1_family-752#LTR/Gypsy
>rnd-1_family-753#Unknown
>rnd-1_family-754#DNA/TcMar-Tc1
>rnd-1_family-756#DNA/PiggyBac
>rnd-1_family-757#LINE/I
>rnd-1_family-758#DNA/TcMar-Tc1
>rnd-1_family-760#DNA/TcMar-Mariner
>rnd-1_family-762#LTR/Copia
>rnd-1_family-764#Unknown
>rnd-1_family-766#Unknown
>rnd-1_family-767#LINE/I-Jockey
>rnd-1_family-769#LTR/Gypsy
>rnd-1_family-77#Unknown
>rnd-1_family-770#LTR/Pao
>rnd-1_family-771#LTR/Pao
>rnd-1_family-772#LTR/Gypsy
>rnd-1_family-773#DNA/TcMar-Tc1
>rnd-1_family-774#LTR/Copia
>rnd-1_family-776#DNA/TcMar-Mariner
>rnd-1_family-777#Unknown
>rnd-1_family-778#Unknown
>rnd-1_family-779#Unknown
>rnd-1_family-78#Satellite
>rnd-1_family-780#RC/Helitron
>rnd-1_family-781#LTR/Pao
>rnd-1_family-782#LINE/I-Jockey
>rnd-1_family-783#LINE/R1-LOA
>rnd-1_family-784#RC/Helitron
>rnd-1_family-785#RC/Helitron
>rnd-1_family-788#LTR/Gypsy
>rnd-1_family-789#RC/Helitron
>rnd-1_family-790#LTR/Gypsy
>rnd-1_family-792#Unknown
>rnd-1_family-793#DNA/CMC-Transib
>rnd-1_family-794#LTR/Gypsy
>rnd-1_family-795#LTR/Gypsy
>rnd-1_family-796#LTR/Gypsy
>rnd-1_family-797#LTR/Gypsy
>rnd-1_family-798#LTR/Gypsy
>rnd-1_family-799#LTR/Gypsy
>rnd-1_family-80#LTR/Pao
>rnd-1_family-801#Unknown
>rnd-1_family-802#LTR/Gypsy
>rnd-1_family-804#LTR/Gypsy
>rnd-1_family-806#LTR/Pao
>rnd-1_family-807#LTR/Gypsy
>rnd-1_family-808#LTR/Gypsy
>rnd-1_family-809#LTR/Gypsy
>rnd-1_family-81#Unknown
>rnd-1_family-810#LTR/Pao
>rnd-1_family-811#Unknown
>rnd-1_family-812#LINE/R1
>rnd-1_family-813#LTR/Pao
>rnd-1_family-814#LTR/Gypsy
>rnd-1_family-815#Unknown
>rnd-1_family-816#DNA/TcMar-Mariner
>rnd-1_family-817#LTR/Gypsy
>rnd-1_family-82#LINE/Jockey
>rnd-1_family-820#Unknown
>rnd-1_family-821#LTR/Gypsy
>rnd-1_family-822#LTR/Copia
>rnd-1_family-823#LINE/CR1
>rnd-1_family-824#Unknown
>rnd-1_family-826#LINE/I
>rnd-1_family-827#DNA/TcMar-Mariner
>rnd-1_family-828#LTR/Gypsy
>rnd-1_family-829#LTR/Gypsy
>rnd-1_family-83#Unknown
>rnd-1_family-830#LTR/Gypsy
>rnd-1_family-831#LTR/Gypsy
>rnd-1_family-832#DNA/CMC-Chapaev-3
>rnd-1_family-833#Unknown
>rnd-1_family-834#DNA/IS
>rnd-1_family-835#LTR/Gypsy
>rnd-1_family-836#LTR/Gypsy
>rnd-1_family-837#DNA/TcMar-Mariner
>rnd-1_family-838#LINE/R1
>rnd-1_family-839#LINE/Jockey
>rnd-1_family-84#LINE/R1
>rnd-1_family-840#LINE/I-Jockey
>rnd-1_family-843#LINE/I-Jockey
>rnd-1_family-844#Unknown
>rnd-1_family-845#RC/Helitron
>rnd-1_family-846#LTR/Gypsy
>rnd-1_family-848#LINE/I
>rnd-1_family-849#LINE/I
>rnd-1_family-85#Unknown
>rnd-1_family-850#LTR/Gypsy
>rnd-1_family-851#LINE/I-Jockey
>rnd-1_family-852#LTR/Pao
>rnd-1_family-853#LTR/Gypsy
>rnd-1_family-854#LTR/Pao
>rnd-1_family-855#Unknown
>rnd-1_family-856#LTR/Copia
>rnd-1_family-857#LTR/Pao
>rnd-1_family-859#LTR/Pao
>rnd-1_family-86#LTR/Pao
>rnd-1_family-860#DNA/PiggyBac
>rnd-1_family-861#LTR/Gypsy
>rnd-1_family-862#LINE/R1
>rnd-1_family-863#Unknown
>rnd-1_family-864#LTR/Gypsy
>rnd-1_family-866#LINE/I
>rnd-1_family-867#LTR/Gypsy
>rnd-1_family-869#LINE/I
>rnd-1_family-87#Unknown
>rnd-1_family-870#LINE/LOA
>rnd-1_family-871#DNA/TcMar-Mariner
>rnd-1_family-872#DNA/TcMar-Mariner
>rnd-1_family-873#LINE/I
>rnd-1_family-874#LTR/Copia
>rnd-1_family-876#LTR/Gypsy
>rnd-1_family-877#LTR/Gypsy
>rnd-1_family-878#LINE/R1
>rnd-1_family-880#LINE/R1
>rnd-1_family-881#Unknown
>rnd-1_family-882#Unknown
>rnd-1_family-883#LTR/Pao
>rnd-1_family-885#DNA/CMC-Transib
>rnd-1_family-886#DNA/TcMar-Mariner
>rnd-1_family-887#RC/Helitron
>rnd-1_family-888#RC/Helitron
>rnd-1_family-889#DNA/TcMar-Tigger
>rnd-1_family-89#LTR/Gypsy
>rnd-1_family-890#DNA/TcMar-Tc1
>rnd-1_family-891#LTR/Gypsy
>rnd-1_family-892#Unknown
>rnd-1_family-893#LTR/Gypsy
>rnd-1_family-894#DNA/TcMar-Mariner
>rnd-1_family-895#Unknown
>rnd-1_family-896#LINE/I
>rnd-1_family-897#LTR/Pao
>rnd-1_family-898#DNA/TcMar-Mariner
>rnd-1_family-899#LTR/Gypsy
>rnd-1_family-9#RC/Helitron
>rnd-1_family-900#LTR/Pao
>rnd-1_family-901#DNA/TcMar-Tc1
>rnd-1_family-902#LTR/Gypsy
>rnd-1_family-903#LTR/Gypsy
>rnd-1_family-904#Unknown
>rnd-1_family-905#Unknown
>rnd-1_family-906#Unknown
>rnd-1_family-907#Unknown
>rnd-1_family-91#LTR/Pao
>rnd-1_family-910#Unknown
>rnd-1_family-912#LTR/Gypsy
>rnd-1_family-913#Unknown
>rnd-1_family-914#LTR/Gypsy
>rnd-1_family-915#LINE/I
>rnd-1_family-92#RC/Helitron
>rnd-1_family-94#LTR/Gypsy
>rnd-1_family-96#Unknown
>rnd-1_family-97#LTR/Pao
>rnd-1_family-99#Unknown
>rnd-2_family-16#LTR/Pao
>rnd-2_family-5#LINE/CR1
>rnd-3_family-104#LINE/I-Jockey
>rnd-3_family-189#Unknown
>rnd-3_family-201#LTR/Gypsy
>rnd-3_family-22#Unknown
>rnd-3_family-244#LTR/Gypsy
>rnd-3_family-78#RC/Helitron
>rnd-4_family-1157#LTR/Gypsy
>rnd-4_family-1440#LINE/I-Jockey
>rnd-4_family-162#LINE/LOA
>rnd-4_family-163#LTR/Pao
>rnd-4_family-173#LTR/Pao
>rnd-4_family-185#LINE/LOA
>rnd-4_family-196#LTR/Pao
>rnd-4_family-223#LINE/LOA
>rnd-4_family-236#DNA/MULE-NOF
>rnd-4_family-2374#Unknown
>rnd-4_family-27#RC/Helitron
>rnd-4_family-308#LTR/Gypsy
>rnd-4_family-378#LTR/Pao
>rnd-4_family-477#Unknown
>rnd-4_family-5#RC/Helitron
>rnd-4_family-545#LTR/Gypsy
>rnd-4_family-569#LINE/Jockey
>rnd-4_family-608#DNA/hAT-Ac
>rnd-4_family-64#LINE/I-Jockey
>rnd-4_family-675#Unknown
>rnd-4_family-683#RC/Helitron
>rnd-4_family-80#LTR/Gypsy
>rnd-4_family-809#LTR/Gypsy
>rnd-4_family-89#LTR/Pao
>rnd-4_family-896#LTR/Gypsy
>rnd-5_family-100#DNA/TcMar-Mariner
>rnd-5_family-1006#LINE/I-Jockey
>rnd-5_family-10083#DNA/Zator
>rnd-5_family-10167#Unknown
>rnd-5_family-1019#Unknown
>rnd-5_family-10434#RC/Helitron
>rnd-5_family-106#LTR/Gypsy
>rnd-5_family-1070#LINE/R1
>rnd-5_family-1075#DNA/TcMar-Tc1
>rnd-5_family-108#LINE/R1
>rnd-5_family-110#LTR/Gypsy
>rnd-5_family-11099#DNA/TcMar-Tc1
>rnd-5_family-1116#DNA/TcMar-Mariner
>rnd-5_family-112#DNA/TcMar-Tc1
>rnd-5_family-1125#Unknown
>rnd-5_family-1129#DNA/CMC-Transib
>rnd-5_family-1145#Unknown
>rnd-5_family-1146#RC/Helitron
>rnd-5_family-11542#DNA/hAT-hobo
>rnd-5_family-1156#DNA/Kolobok-Hydra
>rnd-5_family-1159#Unknown
>rnd-5_family-1193#LTR/Gypsy
>rnd-5_family-1195#DNA/hAT-hobo
>rnd-5_family-1201#LTR/Gypsy
>rnd-5_family-1203#LINE/CR1
>rnd-5_family-1206#LINE/Jockey
>rnd-5_family-122#DNA/TcMar-Tc1
>rnd-5_family-1220#Unknown
>rnd-5_family-124#DNA/TcMar-Tc1
>rnd-5_family-1253#LTR/Gypsy
>rnd-5_family-1254#Unknown
>rnd-5_family-1260#LTR/Gypsy
>rnd-5_family-1261#DNA/hAT-hobo
>rnd-5_family-1264#DNA/TcMar-Mariner
>rnd-5_family-1278#LTR/Gypsy
>rnd-5_family-1279#LTR/Gypsy
>rnd-5_family-1281#LTR/Pao
>rnd-5_family-1285#Unknown
>rnd-5_family-129#RC/Helitron
>rnd-5_family-1296#LTR/Pao
>rnd-5_family-1300#LTR/Gypsy
>rnd-5_family-132#LTR/Gypsy
>rnd-5_family-133#Unknown
>rnd-5_family-1332#LTR/ERV1
>rnd-5_family-134#Unknown
>rnd-5_family-135#SINE?
>rnd-5_family-138#Unknown
>rnd-5_family-1400#DNA/TcMar-Tc1
>rnd-5_family-1402#LTR/Gypsy
>rnd-5_family-1408#Unknown
>rnd-5_family-1419#LTR/Pao
>rnd-5_family-1420#LINE/LOA
>rnd-5_family-1421#LTR/Gypsy
>rnd-5_family-143#LTR/Copia
>rnd-5_family-144#Unknown
>rnd-5_family-1445#Unknown
>rnd-5_family-1447#LINE/R1
>rnd-5_family-14555#RC/Helitron
>rnd-5_family-146#LTR/Gypsy
>rnd-5_family-147#LTR/Gypsy
>rnd-5_family-148#LTR/Gypsy
>rnd-5_family-151#DNA/hAT-Ac
>rnd-5_family-153#LTR/Pao
>rnd-5_family-154#LTR/Gypsy
>rnd-5_family-155#LTR/Gypsy
>rnd-5_family-1551#LINE/Jockey
>rnd-5_family-1558#Unknown
>rnd-5_family-156#DNA/CMC-Transib
>rnd-5_family-1561#LINE/RTE-BovB
>rnd-5_family-1563#DNA/TcMar-Tigger
>rnd-5_family-1608#Unknown
>rnd-5_family-16296#DNA/TcMar-Tc1
>rnd-5_family-163#DNA/CMC-Chapaev-3
>rnd-5_family-1642#Unknown
>rnd-5_family-1645#RC/Helitron
>rnd-5_family-168#DNA/CMC-Transib
>rnd-5_family-1688#DNA/hAT-Pegasus
>rnd-5_family-169#DNA/CMC-Transib
>rnd-5_family-1690#DNA/TcMar-Tc1
>rnd-5_family-170#LTR/Gypsy
>rnd-5_family-171#LTR/Gypsy
>rnd-5_family-1710#LINE/LOA
>rnd-5_family-173#LINE/I
>rnd-5_family-1733#LINE/I-Jockey
>rnd-5_family-174#DNA/hAT-hATm
>rnd-5_family-176#RC/Helitron
>rnd-5_family-17621#DNA/TcMar-Tc1
>rnd-5_family-178#Unknown
>rnd-5_family-1786#DNA/CMC-Transib
>rnd-5_family-1787#LINE/Jockey
>rnd-5_family-1788#LINE/Jockey
>rnd-5_family-1790#DNA/TcMar-Tc1
>rnd-5_family-1791#Unknown
>rnd-5_family-1805#DNA/hAT-Ac
>rnd-5_family-18052#DNA/TcMar-Tc1
>rnd-5_family-1807#Unknown
>rnd-5_family-1844#DNA/hAT-hobo
>rnd-5_family-1861#LINE/R1
>rnd-5_family-1862#DNA/Kolobok-Hydra
>rnd-5_family-1884#DNA/CMC-EnSpm
>rnd-5_family-191#LTR/Gypsy
>rnd-5_family-192#LTR/Gypsy
>rnd-5_family-1922#DNA/Ginger
>rnd-5_family-193#LINE/Jockey
>rnd-5_family-1941#LTR/Gypsy
>rnd-5_family-196#LINE/I
>rnd-5_family-1961#DNA/hAT-Ac
>rnd-5_family-1967#LINE/R1
>rnd-5_family-1969#DNA/hAT-hobo
>rnd-5_family-1970#LTR/Gypsy
>rnd-5_family-1971#DNA/Maverick
>rnd-5_family-1988#LINE/Jockey
>rnd-5_family-199#DNA/TcMar-Mariner
>rnd-5_family-2015#Unknown
>rnd-5_family-2076#LINE/I-Jockey
>rnd-5_family-2098#LTR/Gypsy
>rnd-5_family-21#LTR/Gypsy
>rnd-5_family-2101#Unknown
>rnd-5_family-2147#LINE/R1
>rnd-5_family-220#Unknown
>rnd-5_family-2221#LTR/Pao
>rnd-5_family-2226#Unknown
>rnd-5_family-2279#Unknown
>rnd-5_family-2284#LINE/RTE-BovB
>rnd-5_family-2286#LTR/Gypsy
>rnd-5_family-2345#LINE/R1
>rnd-5_family-2376#DNA/hAT-Ac
>rnd-5_family-2377#DNA/hAT-Ac
>rnd-5_family-2379#LTR/Pao
>rnd-5_family-2428#Unknown
>rnd-5_family-2438#LINE/I-Jockey
>rnd-5_family-249#LINE/Jockey
>rnd-5_family-250#LINE/Jockey
>rnd-5_family-2501#DNA/Sola-1
>rnd-5_family-251#Unknown
>rnd-5_family-2511#DNA/hAT-hobo
>rnd-5_family-2535#LTR/Gypsy
>rnd-5_family-2536#DNA/hAT-hATm
>rnd-5_family-255#LINE/R1
>rnd-5_family-2555#DNA/PIF-Harbinger
>rnd-5_family-2563#DNA/hAT-Tip100
>rnd-5_family-2566#LTR/Gypsy
>rnd-5_family-2567#LTR/Gypsy
>rnd-5_family-2568#Unknown
>rnd-5_family-257#LINE/Jockey
>rnd-5_family-258#Unknown
>rnd-5_family-2668#LTR/Gypsy
>rnd-5_family-2671#DNA/hAT-hobo
>rnd-5_family-2692#DNA/TcMar-Tc1
>rnd-5_family-2748#RC/Helitron
>rnd-5_family-2749#DNA/MuLE-NOF
>rnd-5_family-2751#DNA/CMC-Transib
>rnd-5_family-276#Unknown
>rnd-5_family-2768#Unknown
>rnd-5_family-2777#LTR/Copia
>rnd-5_family-2789#LTR/Gypsy
>rnd-5_family-2791#LINE/Jockey
>rnd-5_family-2792#LTR/Gypsy
>rnd-5_family-2793#LINE/R1
>rnd-5_family-2794#LINE/R1
>rnd-5_family-2795#LINE/R1
>rnd-5_family-2820#LINE/I-Jockey
>rnd-5_family-2896#LTR/Copia
>rnd-5_family-2897#LTR/Gypsy
>rnd-5_family-2908#Unknown
>rnd-5_family-2949#LTR/Gypsy
>rnd-5_family-2961#LTR/Gypsy
>rnd-5_family-2984#LTR/Copia
>rnd-5_family-2985#LTR/Copia
>rnd-5_family-2991#LTR/Gypsy
>rnd-5_family-3011#Unknown
>rnd-5_family-303#LINE/I-Jockey
>rnd-5_family-305#Unknown
>rnd-5_family-306#DNA/hAT-hobo
>rnd-5_family-3065#LTR/Gypsy
>rnd-5_family-3066#LTR/Gypsy
>rnd-5_family-307#Unknown
>rnd-5_family-3080#LTR/Gypsy
>rnd-5_family-3081#Unknown
>rnd-5_family-3087#LTR/Copia
>rnd-5_family-3089#DNA/hAT-Tip100
>rnd-5_family-3159#LINE/R1
>rnd-5_family-3175#Unknown
>rnd-5_family-3251#LINE/Jockey
>rnd-5_family-3309#Unknown
>rnd-5_family-332#LTR/Gypsy
>rnd-5_family-3330#Unknown
>rnd-5_family-334#LINE/CR1
>rnd-5_family-3384#Unknown
>rnd-5_family-3385#LTR/Gypsy
>rnd-5_family-3418#LTR/Pao
>rnd-5_family-3455#LTR/Pao
>rnd-5_family-3465#Unknown
>rnd-5_family-3496#LTR/Gypsy
>rnd-5_family-3587#DNA/PiggyBac
>rnd-5_family-3590#DNA/hAT-Pegasus
>rnd-5_family-3593#Unknown
>rnd-5_family-3635#Unknown
>rnd-5_family-3638#LINE/I
>rnd-5_family-3704#LINE/I
>rnd-5_family-3752#DNA/TcMar-Mariner
>rnd-5_family-3754#DNA/TcMar-Tc1
>rnd-5_family-3778#LINE/I-Jockey
>rnd-5_family-381#Simple_repeat
>rnd-5_family-3811#LINE/I-Jockey
>rnd-5_family-3819#DNA/PiggyBac
>rnd-5_family-3861#Unknown
>rnd-5_family-3871#DNA/CMC-Chapaev-3
>rnd-5_family-3886#Unknown
>rnd-5_family-3938#Unknown
>rnd-5_family-3944#LINE/I-Jockey
>rnd-5_family-3997#Unknown
>rnd-5_family-40#Unknown
>rnd-5_family-4049#LTR/Gypsy
>rnd-5_family-4061#Unknown
>rnd-5_family-4086#Unknown
>rnd-5_family-4087#RC/Helitron
>rnd-5_family-4138#DNA/CMC-Transib
>rnd-5_family-422#LTR/Copia
>rnd-5_family-423#LINE/I
>rnd-5_family-426#LTR/Gypsy
>rnd-5_family-427#Unknown
>rnd-5_family-43#Unknown
>rnd-5_family-4339#LTR/Gypsy
>rnd-5_family-4354#LTR/Gypsy
>rnd-5_family-4398#Unknown
>rnd-5_family-442#LTR/Pao
>rnd-5_family-445#LINE/I-Jockey
>rnd-5_family-4460#Unknown
>rnd-5_family-4461#LINE/LOA
>rnd-5_family-447#RC/Helitron
>rnd-5_family-4572#Unknown
>rnd-5_family-4606#Unknown
>rnd-5_family-4707#Unknown
>rnd-5_family-4723#Unknown
>rnd-5_family-4815#DNA
>rnd-5_family-4821#DNA/TcMar-Tc1
>rnd-5_family-4864#LINE/LOA
>rnd-5_family-504#LTR/Pao
>rnd-5_family-505#LTR/Pao
>rnd-5_family-5057#DNA/hAT-hobo
>rnd-5_family-5074#LINE/LOA
>rnd-5_family-508#LINE/LOA
>rnd-5_family-5082#LINE/I
>rnd-5_family-509#LINE/LOA
>rnd-5_family-513#LTR/Gypsy
>rnd-5_family-514#LTR/Gypsy
>rnd-5_family-515#Unknown
>rnd-5_family-516#LTR/Gypsy
>rnd-5_family-517#LTR/Gypsy
>rnd-5_family-5180#Unknown
>rnd-5_family-5294#Unknown
>rnd-5_family-530#DNA/hAT-hobo
>rnd-5_family-5300#LTR/Gypsy
>rnd-5_family-531#DNA
>rnd-5_family-532#DNA/hAT-hobo
>rnd-5_family-538#LTR/Gypsy
>rnd-5_family-540#DNA/hAT-Charlie
>rnd-5_family-541#DNA/CMC-Transib
>rnd-5_family-543#LTR/Pao
>rnd-5_family-544#LTR/Gypsy
>rnd-5_family-546#LTR/Gypsy
>rnd-5_family-5479#LTR/Gypsy
>rnd-5_family-5486#LTR/Pao
>rnd-5_family-558#LTR/Gypsy
>rnd-5_family-561#LTR/Pao
>rnd-5_family-563#LTR/Gypsy
>rnd-5_family-572#LTR/Gypsy
>rnd-5_family-573#LTR/Gypsy
>rnd-5_family-574#DNA/hAT-Ac
>rnd-5_family-5754#LTR/Pao
>rnd-5_family-578#Unknown
>rnd-5_family-580#RC/Helitron
>rnd-5_family-581#LINE/Jockey
>rnd-5_family-582#LTR/Copia
>rnd-5_family-583#LTR/Gypsy
>rnd-5_family-5835#Unknown
>rnd-5_family-584#DNA/CMC-Transib
>rnd-5_family-585#DNA/CMC-Transib
>rnd-5_family-586#DNA/CMC-Transib
>rnd-5_family-5879#Unknown
>rnd-5_family-5883#Unknown
>rnd-5_family-5924#Unknown
>rnd-5_family-593#DNA/CMC-Transib
>rnd-5_family-595#DNA/TcMar-Mariner
>rnd-5_family-60#LTR/Gypsy
>rnd-5_family-6080#Unknown
>rnd-5_family-615#Unknown
>rnd-5_family-619#LTR/Gypsy
>rnd-5_family-621#LINE/LOA
>rnd-5_family-626#LINE/I-Jockey
>rnd-5_family-6262#DNA/CMC-Transib
>rnd-5_family-627#LINE/Jockey
>rnd-5_family-63#LTR/Gypsy
>rnd-5_family-630#LTR/Pao
>rnd-5_family-632#Unknown
>rnd-5_family-636#LINE/Jockey
>rnd-5_family-642#LTR/Pao
>rnd-5_family-6424#Unknown
>rnd-5_family-643#Unknown
>rnd-5_family-6435#Unknown
>rnd-5_family-645#Unknown
>rnd-5_family-6484#Simple_repeat
>rnd-5_family-65#LINE/I-Jockey
>rnd-5_family-650#DNA/TcMar-Tc1
>rnd-5_family-6564#Satellite
>rnd-5_family-658#LTR/Pao
>rnd-5_family-659#LTR/Pao
>rnd-5_family-660#DNA/TcMar-Tc1
>rnd-5_family-6673#RC/Helitron
>rnd-5_family-669#LTR/Gypsy
>rnd-5_family-67#LTR/Pao
>rnd-5_family-671#DNA/hAT-hobo
>rnd-5_family-6720#RC/Helitron
>rnd-5_family-6800#LTR/Gypsy
>rnd-5_family-686#LTR/Pao
>rnd-5_family-690#DNA/TcMar-Tc1
>rnd-5_family-696#Unknown
>rnd-5_family-697#DNA/TcMar-Tc1
>rnd-5_family-6970#DNA/hAT-hobo
>rnd-5_family-698#LINE/I
>rnd-5_family-699#LINE/I
>rnd-5_family-709#Simple_repeat
>rnd-5_family-715#DNA/CMC-Transib
>rnd-5_family-718#LTR/Gypsy
>rnd-5_family-72#Unknown
>rnd-5_family-720#Unknown
>rnd-5_family-725#Unknown
>rnd-5_family-726#DNA/hAT-Blackjack
>rnd-5_family-73#Unknown
>rnd-5_family-7341#LINE/I
>rnd-5_family-7395#Unknown
>rnd-5_family-74#LTR/Gypsy
>rnd-5_family-7407#LTR/Gypsy
>rnd-5_family-75#LTR/Gypsy
>rnd-5_family-7563#LINE/I-Jockey
>rnd-5_family-7937#DNA/TcMar-Mariner
>rnd-5_family-801#LTR/Gypsy
>rnd-5_family-816#LINE/R1
>rnd-5_family-8211#LTR/Pao
>rnd-5_family-838#LTR/Copia
>rnd-5_family-840#DNA/CMC-Transib
>rnd-5_family-841#Unknown
>rnd-5_family-846#DNA/CMC-Transib
>rnd-5_family-850#DNA/hAT-Pegasus
>rnd-5_family-857#LTR/Gypsy
>rnd-5_family-8591#Unknown
>rnd-5_family-8610#LTR/Copia
>rnd-5_family-8715#Unknown
>rnd-5_family-873#LINE/I-Jockey
>rnd-5_family-887#Unknown
>rnd-5_family-901#DNA/TcMar-Tc1
>rnd-5_family-92#LTR/Gypsy
>rnd-5_family-9242#LTR/Gypsy
>rnd-5_family-9281#DNA
>rnd-5_family-93#DNA
>rnd-5_family-9386#Unknown
>rnd-5_family-94#LINE/R1
>rnd-5_family-947#Simple_repeat
>rnd-5_family-95#DNA/hAT-Tip100
>rnd-5_family-9555#LTR/Pao
>rnd-5_family-96#LTR/Gypsy
>rnd-5_family-9637#LTR/Gypsy
>rnd-5_family-9657#LINE/R1
>rnd-5_family-966#DNA/TcMar-Tc1
>rnd-5_family-974#Unknown
>rnd-5_family-975#LTR/Gypsy
>rnd-5_family-976#LTR/Gypsy
>rnd-5_family-978#LTR/Pao
>rnd-5_family-982#LTR/Gypsy
>rnd-5_family-983#LTR/Gypsy
>rnd-5_family-984#LTR/Gypsy
>rnd-5_family-985#LTR/Gypsy
>rnd-5_family-986#LTR/Pao
>rnd-5_family-988#LTR/Pao
>rnd-5_family-99#LTR/Pao
